TagsCloudVisualization.SpiralLayoutDrawingTests.DrawRandomCloud

PlacedRectangles[0] = {X=988,Y=999,Width=25,Height=3}
PlacedRectangles[1] = {X=969,Y=997,Width=54,Height=2}
PlacedRectangles[2] = {X=963,Y=993,Width=72,Height=4}
PlacedRectangles[3] = {X=973,Y=1002,Width=67,Height=3}
PlacedRectangles[4] = {X=979,Y=1005,Width=49,Height=5}
PlacedRectangles[5] = {X=971,Y=987,Width=50,Height=6}
PlacedRectangles[6] = {X=970,Y=1010,Width=75,Height=5}
PlacedRectangles[7] = {X=985,Y=984,Width=15,Height=3}
PlacedRectangles[8] = {X=973,Y=981,Width=52,Height=3}
PlacedRectangles[9] = {X=981,Y=1015,Width=59,Height=6}
PlacedRectangles[10] = {X=972,Y=975,Width=41,Height=6}
PlacedRectangles[11] = {X=980,Y=1022,Width=57,Height=9}
PlacedRectangles[12] = {X=975,Y=966,Width=48,Height=9}
PlacedRectangles[13] = {X=990,Y=1031,Width=56,Height=8}
PlacedRectangles[14] = {X=971,Y=1032,Width=19,Height=7}
PlacedRectangles[15] = {X=943,Y=1000,Width=45,Height=2}
PlacedRectangles[16] = {X=947,Y=960,Width=77,Height=6}
PlacedRectangles[17] = {X=969,Y=956,Width=45,Height=4}
PlacedRectangles[18] = {X=985,Y=1039,Width=62,Height=4}
PlacedRectangles[19] = {X=975,Y=1043,Width=47,Height=6}
PlacedRectangles[20] = {X=967,Y=948,Width=59,Height=7}
PlacedRectangles[21] = {X=1016,Y=976,Width=59,Height=5}
PlacedRectangles[22] = {X=1021,Y=990,Width=43,Height=2}
PlacedRectangles[23] = {X=1039,Y=993,Width=24,Height=9}
PlacedRectangles[24] = {X=964,Y=1049,Width=75,Height=7}
PlacedRectangles[25] = {X=948,Y=1025,Width=32,Height=3}
PlacedRectangles[26] = {X=913,Y=978,Width=58,Height=9}
PlacedRectangles[27] = {X=952,Y=940,Width=69,Height=7}
PlacedRectangles[28] = {X=1024,Y=963,Width=49,Height=7}
PlacedRectangles[29] = {X=988,Y=1057,Width=52,Height=9}
PlacedRectangles[30] = {X=905,Y=1006,Width=64,Height=9}
PlacedRectangles[31] = {X=928,Y=969,Width=22,Height=9}
PlacedRectangles[32] = {X=939,Y=936,Width=79,Height=4}
PlacedRectangles[33] = {X=966,Y=931,Width=51,Height=4}
PlacedRectangles[34] = {X=968,Y=1066,Width=78,Height=6}
PlacedRectangles[35] = {X=927,Y=1039,Width=48,Height=3}
PlacedRectangles[36] = {X=914,Y=1028,Width=60,Height=2}
PlacedRectangles[37] = {X=892,Y=1015,Width=77,Height=7}
PlacedRectangles[38] = {X=904,Y=1002,Width=69,Height=2}
PlacedRectangles[39] = {X=922,Y=991,Width=41,Height=4}
PlacedRectangles[40] = {X=967,Y=923,Width=62,Height=7}
PlacedRectangles[41] = {X=1024,Y=958,Width=74,Height=5}
PlacedRectangles[42] = {X=1022,Y=987,Width=35,Height=3}
PlacedRectangles[43] = {X=1048,Y=986,Width=45,Height=1}
PlacedRectangles[44] = {X=1045,Y=1011,Width=61,Height=8}
PlacedRectangles[45] = {X=1014,Y=1021,Width=70,Height=1}
PlacedRectangles[46] = {X=982,Y=1073,Width=62,Height=6}
PlacedRectangles[47] = {X=1028,Y=950,Width=66,Height=7}
PlacedRectangles[48] = {X=1048,Y=1035,Width=44,Height=8}
PlacedRectangles[49] = {X=1031,Y=1043,Width=46,Height=1}
PlacedRectangles[50] = {X=979,Y=1080,Width=50,Height=8}
PlacedRectangles[51] = {X=910,Y=1057,Width=78,Height=3}
PlacedRectangles[52] = {X=951,Y=1030,Width=20,Height=1}
PlacedRectangles[53] = {X=905,Y=1031,Width=45,Height=5}
PlacedRectangles[54] = {X=894,Y=955,Width=77,Height=1}
PlacedRectangles[55] = {X=934,Y=918,Width=67,Height=4}
PlacedRectangles[56] = {X=971,Y=914,Width=27,Height=3}
PlacedRectangles[57] = {X=992,Y=935,Width=22,Height=1}
PlacedRectangles[58] = {X=1010,Y=915,Width=12,Height=7}
PlacedRectangles[59] = {X=1036,Y=942,Width=47,Height=7}
PlacedRectangles[60] = {X=960,Y=1088,Width=71,Height=5}
PlacedRectangles[61] = {X=910,Y=1036,Width=53,Height=2}
PlacedRectangles[62] = {X=943,Y=909,Width=65,Height=5}
PlacedRectangles[63] = {X=971,Y=906,Width=44,Height=2}
PlacedRectangles[64] = {X=1012,Y=913,Width=33,Height=2}
PlacedRectangles[65] = {X=1024,Y=940,Width=29,Height=1}
PlacedRectangles[66] = {X=1031,Y=935,Width=55,Height=4}
PlacedRectangles[67] = {X=1063,Y=992,Width=65,Height=9}
PlacedRectangles[68] = {X=1045,Y=1022,Width=61,Height=6}
PlacedRectangles[69] = {X=1061,Y=1045,Width=30,Height=3}
PlacedRectangles[70] = {X=902,Y=1063,Width=65,Height=9}
PlacedRectangles[71] = {X=926,Y=1042,Width=16,Height=6}
PlacedRectangles[72] = {X=897,Y=997,Width=11,Height=5}
PlacedRectangles[73] = {X=882,Y=961,Width=65,Height=5}
PlacedRectangles[74] = {X=912,Y=948,Width=39,Height=7}
PlacedRectangles[75] = {X=907,Y=929,Width=59,Height=7}
PlacedRectangles[76] = {X=970,Y=898,Width=30,Height=8}
PlacedRectangles[77] = {X=1009,Y=912,Width=24,Height=1}
PlacedRectangles[78] = {X=1041,Y=927,Width=26,Height=8}
PlacedRectangles[79] = {X=1063,Y=970,Width=44,Height=6}
PlacedRectangles[80] = {X=1040,Y=1002,Width=50,Height=4}
PlacedRectangles[81] = {X=1055,Y=1048,Width=25,Height=7}
PlacedRectangles[82] = {X=998,Y=1094,Width=65,Height=8}
PlacedRectangles[83] = {X=907,Y=1072,Width=62,Height=8}
PlacedRectangles[84] = {X=888,Y=969,Width=39,Height=3}
PlacedRectangles[85] = {X=931,Y=925,Width=32,Height=4}
PlacedRectangles[86] = {X=977,Y=895,Width=40,Height=3}
PlacedRectangles[87] = {X=1053,Y=1055,Width=74,Height=9}
PlacedRectangles[88] = {X=1050,Y=1065,Width=41,Height=9}
PlacedRectangles[89] = {X=1026,Y=1044,Width=17,Height=3}
PlacedRectangles[90] = {X=991,Y=1103,Width=59,Height=9}
PlacedRectangles[91] = {X=930,Y=1093,Width=59,Height=6}
PlacedRectangles[92] = {X=920,Y=1081,Width=46,Height=5}
PlacedRectangles[93] = {X=956,Y=887,Width=62,Height=8}
PlacedRectangles[94] = {X=1016,Y=905,Width=21,Height=7}
PlacedRectangles[95] = {X=1023,Y=896,Width=56,Height=9}
PlacedRectangles[96] = {X=1052,Y=921,Width=20,Height=6}
PlacedRectangles[97] = {X=1077,Y=966,Width=59,Height=4}
PlacedRectangles[98] = {X=1077,Y=988,Width=61,Height=4}
PlacedRectangles[99] = {X=1032,Y=1080,Width=71,Height=3}
PlacedRectangles[100] = {X=866,Y=1045,Width=59,Height=9}
PlacedRectangles[101] = {X=895,Y=1022,Width=17,Height=2}
PlacedRectangles[102] = {X=866,Y=1002,Width=38,Height=3}
PlacedRectangles[103] = {X=927,Y=990,Width=33,Height=1}
PlacedRectangles[104] = {X=854,Y=958,Width=72,Height=3}
PlacedRectangles[105] = {X=892,Y=945,Width=51,Height=3}
PlacedRectangles[106] = {X=907,Y=907,Width=60,Height=2}
PlacedRectangles[107] = {X=938,Y=881,Width=76,Height=6}
PlacedRectangles[108] = {X=1055,Y=915,Width=57,Height=6}
PlacedRectangles[109] = {X=1082,Y=939,Width=25,Height=3}
PlacedRectangles[110] = {X=1098,Y=955,Width=12,Height=9}
PlacedRectangles[111] = {X=1077,Y=979,Width=60,Height=7}
PlacedRectangles[112] = {X=1049,Y=1075,Width=53,Height=4}
PlacedRectangles[113] = {X=1004,Y=1112,Width=26,Height=8}
PlacedRectangles[114] = {X=949,Y=1112,Width=47,Height=5}
PlacedRectangles[115] = {X=942,Y=1099,Width=23,Height=1}
PlacedRectangles[116] = {X=893,Y=1054,Width=15,Height=8}
PlacedRectangles[117] = {X=868,Y=989,Width=53,Height=8}
PlacedRectangles[118] = {X=956,Y=875,Width=69,Height=6}
PlacedRectangles[119] = {X=1022,Y=894,Width=23,Height=2}
PlacedRectangles[120] = {X=1049,Y=888,Width=22,Height=7}
PlacedRectangles[121] = {X=992,Y=1120,Width=75,Height=8}
PlacedRectangles[122] = {X=970,Y=1118,Width=22,Height=4}
PlacedRectangles[123] = {X=923,Y=1100,Width=22,Height=9}
PlacedRectangles[124] = {X=855,Y=1024,Width=59,Height=1}
PlacedRectangles[125] = {X=853,Y=976,Width=61,Height=2}
PlacedRectangles[126] = {X=876,Y=949,Width=19,Height=6}
PlacedRectangles[127] = {X=883,Y=925,Width=23,Height=8}
PlacedRectangles[128] = {X=929,Y=903,Width=23,Height=4}
PlacedRectangles[129] = {X=980,Y=865,Width=46,Height=9}
PlacedRectangles[130] = {X=1045,Y=881,Width=15,Height=6}
PlacedRectangles[131] = {X=1073,Y=911,Width=45,Height=4}
PlacedRectangles[132] = {X=1099,Y=934,Width=16,Height=5}
PlacedRectangles[133] = {X=1111,Y=952,Width=23,Height=8}
PlacedRectangles[134] = {X=1090,Y=1004,Width=48,Height=2}
PlacedRectangles[135] = {X=1084,Y=1028,Width=63,Height=1}
PlacedRectangles[136] = {X=1057,Y=1084,Width=39,Height=1}
PlacedRectangles[137] = {X=1043,Y=1086,Width=16,Height=3}
PlacedRectangles[138] = {X=977,Y=1129,Width=77,Height=8}
PlacedRectangles[139] = {X=922,Y=1110,Width=44,Height=2}
PlacedRectangles[140] = {X=942,Y=1042,Width=27,Height=3}
PlacedRectangles[141] = {X=878,Y=1059,Width=15,Height=4}
PlacedRectangles[142] = {X=844,Y=1036,Width=64,Height=1}
PlacedRectangles[143] = {X=827,Y=1010,Width=77,Height=5}
PlacedRectangles[144] = {X=837,Y=981,Width=57,Height=8}
PlacedRectangles[145] = {X=882,Y=917,Width=52,Height=4}
PlacedRectangles[146] = {X=919,Y=900,Width=13,Height=2}
PlacedRectangles[147] = {X=931,Y=875,Width=19,Height=6}
PlacedRectangles[148] = {X=955,Y=869,Width=23,Height=5}
PlacedRectangles[149] = {X=1091,Y=1044,Width=64,Height=7}
PlacedRectangles[150] = {X=1091,Y=1064,Width=24,Height=3}
PlacedRectangles[151] = {X=1072,Y=1086,Width=41,Height=5}
PlacedRectangles[152] = {X=1058,Y=1103,Width=33,Height=6}
PlacedRectangles[153] = {X=972,Y=1137,Width=59,Height=2}
PlacedRectangles[154] = {X=927,Y=1122,Width=45,Height=8}
PlacedRectangles[155] = {X=843,Y=941,Width=68,Height=4}
PlacedRectangles[156] = {X=870,Y=896,Width=75,Height=3}
PlacedRectangles[157] = {X=951,Y=857,Width=60,Height=8}
PlacedRectangles[158] = {X=1014,Y=864,Width=43,Height=1}
PlacedRectangles[159] = {X=1034,Y=880,Width=52,Height=1}
PlacedRectangles[160] = {X=1086,Y=903,Width=46,Height=7}
PlacedRectangles[161] = {X=1116,Y=926,Width=21,Height=7}
PlacedRectangles[162] = {X=1075,Y=1006,Width=48,Height=4}
PlacedRectangles[163] = {X=1096,Y=1029,Width=14,Height=2}
PlacedRectangles[164] = {X=1056,Y=1109,Width=71,Height=5}
PlacedRectangles[165] = {X=1032,Y=1138,Width=19,Height=4}
PlacedRectangles[166] = {X=1004,Y=1139,Width=14,Height=8}
PlacedRectangles[167] = {X=979,Y=1139,Width=10,Height=9}
PlacedRectangles[168] = {X=853,Y=1086,Width=66,Height=5}
PlacedRectangles[169] = {X=862,Y=1063,Width=17,Height=2}
PlacedRectangles[170] = {X=906,Y=887,Width=35,Height=8}
PlacedRectangles[171] = {X=959,Y=849,Width=78,Height=8}
PlacedRectangles[172] = {X=1015,Y=861,Width=78,Height=3}
PlacedRectangles[173] = {X=1059,Y=873,Width=43,Height=7}
PlacedRectangles[174] = {X=1080,Y=896,Width=44,Height=3}
PlacedRectangles[175] = {X=1103,Y=924,Width=20,Height=2}
PlacedRectangles[176] = {X=988,Y=1148,Width=75,Height=7}
PlacedRectangles[177] = {X=958,Y=1139,Width=20,Height=5}
PlacedRectangles[178] = {X=946,Y=1100,Width=21,Height=7}
PlacedRectangles[179] = {X=1106,Y=1012,Width=79,Height=9}
PlacedRectangles[180] = {X=1099,Y=1067,Width=48,Height=5}
PlacedRectangles[181] = {X=1092,Y=1091,Width=26,Height=1}
PlacedRectangles[182] = {X=979,Y=1155,Width=61,Height=4}
PlacedRectangles[183] = {X=941,Y=1130,Width=29,Height=2}
PlacedRectangles[184] = {X=903,Y=1130,Width=30,Height=8}
PlacedRectangles[185] = {X=908,Y=1091,Width=11,Height=9}
PlacedRectangles[186] = {X=832,Y=1091,Width=76,Height=5}
PlacedRectangles[187] = {X=814,Y=969,Width=57,Height=7}
PlacedRectangles[188] = {X=841,Y=913,Width=60,Height=4}
PlacedRectangles[189] = {X=885,Y=872,Width=63,Height=3}
PlacedRectangles[190] = {X=937,Y=845,Width=70,Height=3}
PlacedRectangles[191] = {X=972,Y=838,Width=60,Height=6}
PlacedRectangles[192] = {X=1046,Y=852,Width=33,Height=9}
PlacedRectangles[193] = {X=1061,Y=885,Width=43,Height=3}
PlacedRectangles[194] = {X=1112,Y=947,Width=55,Height=5}
PlacedRectangles[195] = {X=1065,Y=987,Width=62,Height=1}
PlacedRectangles[196] = {X=1138,Y=1004,Width=47,Height=2}
PlacedRectangles[197] = {X=1116,Y=1029,Width=52,Height=8}
PlacedRectangles[198] = {X=1104,Y=1092,Width=53,Height=9}
PlacedRectangles[199] = {X=1097,Y=1114,Width=15,Height=5}
PlacedRectangles[200] = {X=984,Y=1159,Width=79,Height=4}
PlacedRectangles[201] = {X=938,Y=1154,Width=41,Height=7}
PlacedRectangles[202] = {X=916,Y=1139,Width=30,Height=2}
PlacedRectangles[203] = {X=874,Y=1097,Width=23,Height=5}
PlacedRectangles[204] = {X=872,Y=1065,Width=15,Height=5}
PlacedRectangles[205] = {X=811,Y=949,Width=64,Height=8}
PlacedRectangles[206] = {X=951,Y=831,Width=76,Height=7}
PlacedRectangles[207] = {X=1018,Y=932,Width=19,Height=3}
PlacedRectangles[208] = {X=1138,Y=990,Width=64,Height=6}
PlacedRectangles[209] = {X=1128,Y=1055,Width=58,Height=7}
PlacedRectangles[210] = {X=1058,Y=1128,Width=76,Height=9}
PlacedRectangles[211] = {X=1015,Y=1163,Width=42,Height=8}
PlacedRectangles[212] = {X=997,Y=1163,Width=13,Height=9}
PlacedRectangles[213] = {X=951,Y=1163,Width=38,Height=8}
PlacedRectangles[214] = {X=854,Y=1110,Width=68,Height=8}
PlacedRectangles[215] = {X=854,Y=1054,Width=14,Height=7}
PlacedRectangles[216] = {X=851,Y=1025,Width=28,Height=2}
PlacedRectangles[217] = {X=859,Y=997,Width=30,Height=5}
PlacedRectangles[218] = {X=815,Y=968,Width=70,Height=1}
PlacedRectangles[219] = {X=849,Y=939,Width=29,Height=2}
PlacedRectangles[220] = {X=885,Y=861,Width=66,Height=9}
PlacedRectangles[221] = {X=961,Y=829,Width=26,Height=2}
PlacedRectangles[222] = {X=1043,Y=843,Width=60,Height=9}
PlacedRectangles[223] = {X=1090,Y=865,Width=19,Height=8}
PlacedRectangles[224] = {X=1084,Y=891,Width=79,Height=4}
PlacedRectangles[225] = {X=1130,Y=916,Width=16,Height=9}
PlacedRectangles[226] = {X=1148,Y=943,Width=28,Height=4}
PlacedRectangles[227] = {X=1137,Y=981,Width=52,Height=1}
PlacedRectangles[228] = {X=1115,Y=1072,Width=71,Height=6}
PlacedRectangles[229] = {X=991,Y=1172,Width=54,Height=4}
PlacedRectangles[230] = {X=829,Y=1070,Width=65,Height=4}
PlacedRectangles[231] = {X=841,Y=1037,Width=55,Height=3}
PlacedRectangles[232] = {X=828,Y=980,Width=38,Height=1}
PlacedRectangles[233] = {X=821,Y=906,Width=48,Height=7}
PlacedRectangles[234] = {X=864,Y=890,Width=39,Height=6}
PlacedRectangles[235] = {X=876,Y=854,Width=35,Height=7}
PlacedRectangles[236] = {X=908,Y=839,Width=36,Height=6}
PlacedRectangles[237] = {X=920,Y=820,Width=74,Height=9}
PlacedRectangles[238] = {X=999,Y=828,Width=61,Height=3}
PlacedRectangles[239] = {X=1080,Y=910,Width=14,Height=1}
PlacedRectangles[240] = {X=1107,Y=971,Width=65,Height=6}
PlacedRectangles[241] = {X=1128,Y=997,Width=68,Height=5}
PlacedRectangles[242] = {X=1122,Y=1101,Width=60,Height=1}
PlacedRectangles[243] = {X=1073,Y=1137,Width=45,Height=9}
PlacedRectangles[244] = {X=1006,Y=1177,Width=52,Height=3}
PlacedRectangles[245] = {X=972,Y=1180,Width=53,Height=2}
PlacedRectangles[246] = {X=921,Y=1142,Width=37,Height=9}
PlacedRectangles[247] = {X=883,Y=1141,Width=33,Height=5}
PlacedRectangles[248] = {X=856,Y=1118,Width=32,Height=9}
PlacedRectangles[249] = {X=795,Y=1061,Width=63,Height=7}
PlacedRectangles[250] = {X=854,Y=1018,Width=37,Height=4}
PlacedRectangles[251] = {X=828,Y=993,Width=39,Height=4}
PlacedRectangles[252] = {X=862,Y=935,Width=10,Height=4}
PlacedRectangles[253] = {X=953,Y=813,Width=50,Height=7}
PlacedRectangles[254] = {X=1031,Y=822,Width=39,Height=6}
PlacedRectangles[255] = {X=1068,Y=836,Width=31,Height=6}
PlacedRectangles[256] = {X=1110,Y=886,Width=52,Height=5}
PlacedRectangles[257] = {X=1136,Y=913,Width=50,Height=3}
PlacedRectangles[258] = {X=1125,Y=1078,Width=46,Height=2}
PlacedRectangles[259] = {X=1101,Y=1102,Width=48,Height=3}
PlacedRectangles[260] = {X=1095,Y=1146,Width=45,Height=6}
PlacedRectangles[261] = {X=1038,Y=1084,Width=19,Height=2}
PlacedRectangles[262] = {X=1011,Y=1183,Width=79,Height=2}
PlacedRectangles[263] = {X=996,Y=1185,Width=34,Height=5}
PlacedRectangles[264] = {X=966,Y=1175,Width=25,Height=5}
PlacedRectangles[265] = {X=912,Y=1175,Width=54,Height=7}
PlacedRectangles[266] = {X=888,Y=1151,Width=46,Height=4}
PlacedRectangles[267] = {X=810,Y=1074,Width=59,Height=4}
PlacedRectangles[268] = {X=821,Y=1038,Width=20,Height=5}
PlacedRectangles[269] = {X=825,Y=1003,Width=41,Height=4}
PlacedRectangles[270] = {X=804,Y=931,Width=47,Height=8}
PlacedRectangles[271] = {X=821,Y=897,Width=45,Height=9}
PlacedRectangles[272] = {X=922,Y=811,Width=76,Height=1}
PlacedRectangles[273] = {X=973,Y=802,Width=52,Height=8}
PlacedRectangles[274] = {X=1019,Y=821,Width=32,Height=1}
PlacedRectangles[275] = {X=1087,Y=883,Width=75,Height=2}
PlacedRectangles[276] = {X=1138,Y=938,Width=38,Height=5}
PlacedRectangles[277] = {X=1172,Y=966,Width=24,Height=7}
PlacedRectangles[278] = {X=1160,Y=1037,Width=27,Height=3}
PlacedRectangles[279] = {X=1136,Y=1106,Width=36,Height=8}
PlacedRectangles[280] = {X=1031,Y=1083,Width=79,Height=1}
PlacedRectangles[281] = {X=1008,Y=1190,Width=43,Height=9}
PlacedRectangles[282] = {X=987,Y=1191,Width=11,Height=5}
PlacedRectangles[283] = {X=948,Y=1182,Width=14,Height=3}
PlacedRectangles[284] = {X=848,Y=1156,Width=67,Height=2}
PlacedRectangles[285] = {X=847,Y=1127,Width=16,Height=1}
PlacedRectangles[286] = {X=836,Y=1078,Width=62,Height=2}
PlacedRectangles[287] = {X=790,Y=1017,Width=64,Height=7}
PlacedRectangles[288] = {X=820,Y=986,Width=17,Height=2}
PlacedRectangles[289] = {X=875,Y=904,Width=24,Height=9}
PlacedRectangles[290] = {X=852,Y=848,Width=49,Height=5}
PlacedRectangles[291] = {X=917,Y=859,Width=20,Height=2}
PlacedRectangles[292] = {X=1035,Y=816,Width=47,Height=5}
PlacedRectangles[293] = {X=1076,Y=834,Width=35,Height=1}
PlacedRectangles[294] = {X=1109,Y=859,Width=19,Height=9}
PlacedRectangles[295] = {X=1146,Y=875,Width=19,Height=8}
PlacedRectangles[296] = {X=1136,Y=960,Width=17,Height=6}
PlacedRectangles[297] = {X=1183,Y=986,Width=36,Height=4}
PlacedRectangles[298] = {X=1161,Y=1021,Width=33,Height=6}
PlacedRectangles[299] = {X=1148,Y=1062,Width=75,Height=4}
PlacedRectangles[300] = {X=1076,Y=1152,Width=78,Height=4}
PlacedRectangles[301] = {X=1000,Y=1200,Width=13,Height=2}
PlacedRectangles[302] = {X=965,Y=1183,Width=11,Height=9}
PlacedRectangles[303] = {X=911,Y=1186,Width=37,Height=3}
PlacedRectangles[304] = {X=871,Y=1159,Width=58,Height=5}
PlacedRectangles[305] = {X=853,Y=1128,Width=56,Height=1}
PlacedRectangles[306] = {X=852,Y=1096,Width=14,Height=4}
PlacedRectangles[307] = {X=798,Y=1078,Width=29,Height=5}
PlacedRectangles[308] = {X=781,Y=999,Width=77,Height=4}
PlacedRectangles[309] = {X=801,Y=963,Width=38,Height=5}
PlacedRectangles[310] = {X=822,Y=930,Width=22,Height=1}
PlacedRectangles[311] = {X=832,Y=888,Width=18,Height=9}
PlacedRectangles[312] = {X=922,Y=884,Width=13,Height=2}
PlacedRectangles[313] = {X=889,Y=809,Width=75,Height=2}
PlacedRectangles[314] = {X=934,Y=797,Width=65,Height=4}
PlacedRectangles[315] = {X=988,Y=792,Width=35,Height=5}
PlacedRectangles[316] = {X=1030,Y=808,Width=27,Height=8}
PlacedRectangles[317] = {X=1082,Y=831,Width=78,Height=2}
PlacedRectangles[318] = {X=1092,Y=902,Width=40,Height=1}
PlacedRectangles[319] = {X=1142,Y=907,Width=17,Height=6}
PlacedRectangles[320] = {X=1169,Y=936,Width=17,Height=2}
PlacedRectangles[321] = {X=1143,Y=1006,Width=35,Height=6}
PlacedRectangles[322] = {X=1145,Y=1040,Width=28,Height=1}
PlacedRectangles[323] = {X=992,Y=1203,Width=67,Height=7}
PlacedRectangles[324] = {X=929,Y=1190,Width=32,Height=8}
PlacedRectangles[325] = {X=817,Y=1129,Width=41,Height=9}
PlacedRectangles[326] = {X=837,Y=1080,Width=21,Height=4}
PlacedRectangles[327] = {X=786,Y=975,Width=27,Height=9}
PlacedRectangles[328] = {X=884,Y=939,Width=26,Height=2}
PlacedRectangles[329] = {X=862,Y=882,Width=15,Height=8}
PlacedRectangles[330] = {X=838,Y=836,Width=76,Height=3}
PlacedRectangles[331] = {X=926,Y=793,Width=41,Height=4}
PlacedRectangles[332] = {X=979,Y=789,Width=21,Height=2}
PlacedRectangles[333] = {X=1036,Y=805,Width=66,Height=3}
PlacedRectangles[334] = {X=1045,Y=909,Width=40,Height=1}
PlacedRectangles[335] = {X=1127,Y=850,Width=16,Height=9}
PlacedRectangles[336] = {X=1158,Y=959,Width=27,Height=7}
PlacedRectangles[337] = {X=1114,Y=1021,Width=38,Height=1}
PlacedRectangles[338] = {X=1114,Y=1085,Width=54,Height=5}
PlacedRectangles[339] = {X=1086,Y=1157,Width=53,Height=9}
PlacedRectangles[340] = {X=1056,Y=1172,Width=37,Height=3}
PlacedRectangles[341] = {X=968,Y=1210,Width=67,Height=9}
PlacedRectangles[342] = {X=812,Y=1146,Width=73,Height=4}
PlacedRectangles[343] = {X=821,Y=1100,Width=37,Height=8}
PlacedRectangles[344] = {X=823,Y=1027,Width=47,Height=1}
PlacedRectangles[345] = {X=750,Y=994,Width=78,Height=3}
PlacedRectangles[346] = {X=800,Y=879,Width=75,Height=3}
PlacedRectangles[347] = {X=942,Y=781,Width=58,Height=8}
PlacedRectangles[348] = {X=1025,Y=804,Width=56,Height=1}
PlacedRectangles[349] = {X=1072,Y=814,Width=41,Height=2}
PlacedRectangles[350] = {X=1106,Y=845,Width=28,Height=5}
PlacedRectangles[351] = {X=1073,Y=931,Width=27,Height=3}
PlacedRectangles[352] = {X=1178,Y=931,Width=63,Height=5}
PlacedRectangles[353] = {X=1171,Y=977,Width=60,Height=4}
PlacedRectangles[354] = {X=1186,Y=1014,Width=10,Height=2}
PlacedRectangles[355] = {X=1130,Y=1114,Width=33,Height=7}
PlacedRectangles[356] = {X=1112,Y=1166,Width=47,Height=1}
PlacedRectangles[357] = {X=1080,Y=1186,Width=38,Height=7}
PlacedRectangles[358] = {X=1042,Y=1211,Width=39,Height=5}
PlacedRectangles[359] = {X=915,Y=1198,Width=40,Height=8}
PlacedRectangles[360] = {X=878,Y=1165,Width=61,Height=9}
PlacedRectangles[361] = {X=771,Y=1094,Width=61,Height=4}
PlacedRectangles[362] = {X=888,Y=1026,Width=16,Height=8}
PlacedRectangles[363] = {X=814,Y=1005,Width=11,Height=9}
PlacedRectangles[364] = {X=794,Y=970,Width=15,Height=5}
PlacedRectangles[365] = {X=783,Y=925,Width=37,Height=6}
PlacedRectangles[366] = {X=818,Y=892,Width=14,Height=5}
PlacedRectangles[367] = {X=852,Y=828,Width=60,Height=8}
PlacedRectangles[368] = {X=954,Y=900,Width=10,Height=6}
PlacedRectangles[369] = {X=986,Y=777,Width=21,Height=4}
PlacedRectangles[370] = {X=1010,Y=782,Width=56,Height=9}
PlacedRectangles[371] = {X=1080,Y=827,Width=68,Height=4}
PlacedRectangles[372] = {X=1127,Y=841,Width=57,Height=3}
PlacedRectangles[373] = {X=1185,Y=955,Width=62,Height=8}
PlacedRectangles[374] = {X=1180,Y=1040,Width=72,Height=9}
PlacedRectangles[375] = {X=1171,Y=1079,Width=41,Height=2}
PlacedRectangles[376] = {X=1154,Y=1121,Width=51,Height=6}
PlacedRectangles[377] = {X=1017,Y=1220,Width=39,Height=3}
PlacedRectangles[378] = {X=960,Y=1224,Width=66,Height=8}
PlacedRectangles[379] = {X=940,Y=1207,Width=21,Height=9}
PlacedRectangles[380] = {X=849,Y=1175,Width=43,Height=7}
PlacedRectangles[381] = {X=816,Y=1150,Width=32,Height=5}
PlacedRectangles[382] = {X=783,Y=1108,Width=65,Height=7}
PlacedRectangles[383] = {X=768,Y=1028,Width=56,Height=1}
PlacedRectangles[384] = {X=783,Y=943,Width=36,Height=6}
PlacedRectangles[385] = {X=814,Y=871,Width=58,Height=8}
PlacedRectangles[386] = {X=860,Y=853,Width=34,Height=1}
PlacedRectangles[387] = {X=912,Y=851,Width=18,Height=7}
PlacedRectangles[388] = {X=923,Y=782,Width=19,Height=4}
PlacedRectangles[389] = {X=947,Y=768,Width=61,Height=8}
PlacedRectangles[390] = {X=1010,Y=819,Width=14,Height=2}
PlacedRectangles[391] = {X=1017,Y=935,Width=14,Height=1}
PlacedRectangles[392] = {X=1087,Y=823,Width=16,Height=3}
PlacedRectangles[393] = {X=1107,Y=823,Width=79,Height=4}
PlacedRectangles[394] = {X=1087,Y=927,Width=13,Height=4}
PlacedRectangles[395] = {X=1103,Y=945,Width=13,Height=2}
PlacedRectangles[396] = {X=1136,Y=957,Width=39,Height=2}
PlacedRectangles[397] = {X=1194,Y=1024,Width=74,Height=9}
PlacedRectangles[398] = {X=1177,Y=1066,Width=56,Height=4}
PlacedRectangles[399] = {X=1172,Y=1108,Width=49,Height=9}
PlacedRectangles[400] = {X=1032,Y=1224,Width=50,Height=7}
PlacedRectangles[401] = {X=990,Y=1233,Width=42,Height=3}
PlacedRectangles[402] = {X=909,Y=1207,Width=31,Height=6}
PlacedRectangles[403] = {X=849,Y=1190,Width=66,Height=6}
PlacedRectangles[404] = {X=772,Y=1042,Width=48,Height=7}
PlacedRectangles[405] = {X=760,Y=1001,Width=20,Height=4}
PlacedRectangles[406] = {X=783,Y=962,Width=17,Height=3}
PlacedRectangles[407] = {X=772,Y=922,Width=73,Height=3}
PlacedRectangles[408] = {X=858,Y=824,Width=59,Height=3}
PlacedRectangles[409] = {X=985,Y=762,Width=36,Height=5}
PlacedRectangles[410] = {X=1097,Y=820,Width=61,Height=3}
PlacedRectangles[411] = {X=1126,Y=874,Width=10,Height=9}
PlacedRectangles[412] = {X=1162,Y=884,Width=45,Height=5}
PlacedRectangles[413] = {X=1171,Y=929,Width=39,Height=2}
PlacedRectangles[414] = {X=1179,Y=1006,Width=18,Height=3}
PlacedRectangles[415] = {X=1211,Y=1049,Width=14,Height=7}
PlacedRectangles[416] = {X=1169,Y=1089,Width=67,Height=8}
PlacedRectangles[417] = {X=1161,Y=1127,Width=27,Height=4}
PlacedRectangles[418] = {X=1124,Y=1167,Width=60,Height=7}
PlacedRectangles[419] = {X=1084,Y=1193,Width=64,Height=5}
PlacedRectangles[420] = {X=1011,Y=1237,Width=40,Height=4}
PlacedRectangles[421] = {X=857,Y=1213,Width=69,Height=4}
PlacedRectangles[422] = {X=837,Y=1045,Width=29,Height=6}
PlacedRectangles[423] = {X=777,Y=1021,Width=13,Height=1}
PlacedRectangles[424] = {X=754,Y=976,Width=31,Height=6}
PlacedRectangles[425] = {X=781,Y=935,Width=23,Height=4}
PlacedRectangles[426] = {X=754,Y=887,Width=79,Height=1}
PlacedRectangles[427] = {X=926,Y=942,Width=24,Height=3}
PlacedRectangles[428] = {X=831,Y=819,Width=57,Height=5}
PlacedRectangles[429] = {X=856,Y=780,Width=67,Height=7}
PlacedRectangles[430] = {X=924,Y=762,Width=23,Height=6}
PlacedRectangles[431] = {X=964,Y=758,Width=41,Height=3}
PlacedRectangles[432] = {X=1044,Y=799,Width=52,Height=4}
PlacedRectangles[433] = {X=1094,Y=795,Width=51,Height=3}
PlacedRectangles[434] = {X=1155,Y=815,Width=14,Height=5}
PlacedRectangles[435] = {X=1151,Y=866,Width=51,Height=9}
PlacedRectangles[436] = {X=1148,Y=920,Width=42,Height=9}
PlacedRectangles[437] = {X=1186,Y=952,Width=17,Height=3}
PlacedRectangles[438] = {X=1219,Y=988,Width=40,Height=6}
PlacedRectangles[439] = {X=1202,Y=1081,Width=56,Height=8}
PlacedRectangles[440] = {X=1188,Y=1129,Width=43,Height=3}
PlacedRectangles[441] = {X=1094,Y=1174,Width=69,Height=5}
PlacedRectangles[442] = {X=1082,Y=1198,Width=12,Height=6}
PlacedRectangles[443] = {X=973,Y=1241,Width=63,Height=8}
PlacedRectangles[444] = {X=886,Y=1217,Width=51,Height=9}
PlacedRectangles[445] = {X=842,Y=1196,Width=58,Height=2}
PlacedRectangles[446] = {X=761,Y=1083,Width=74,Height=1}
PlacedRectangles[447] = {X=742,Y=1042,Width=29,Height=8}
PlacedRectangles[448] = {X=742,Y=902,Width=79,Height=5}
PlacedRectangles[449] = {X=780,Y=863,Width=63,Height=8}
PlacedRectangles[450] = {X=911,Y=773,Width=12,Height=7}
PlacedRectangles[451] = {X=955,Y=750,Width=12,Height=7}
PlacedRectangles[452] = {X=1003,Y=812,Width=11,Height=3}
PlacedRectangles[453] = {X=1019,Y=781,Width=77,Height=1}
PlacedRectangles[454] = {X=1066,Y=785,Width=72,Height=9}
PlacedRectangles[455] = {X=1107,Y=812,Width=71,Height=1}
PlacedRectangles[456] = {X=1193,Y=920,Width=70,Height=9}
PlacedRectangles[457] = {X=1205,Y=969,Width=30,Height=8}
PlacedRectangles[458] = {X=1197,Y=1012,Width=66,Height=9}
PlacedRectangles[459] = {X=1158,Y=1131,Width=29,Height=9}
PlacedRectangles[460] = {X=1088,Y=1205,Width=54,Height=7}
PlacedRectangles[461] = {X=1033,Y=1180,Width=60,Height=2}
PlacedRectangles[462] = {X=990,Y=1250,Width=68,Height=4}
PlacedRectangles[463] = {X=972,Y=1232,Width=13,Height=5}
PlacedRectangles[464] = {X=905,Y=1227,Width=54,Height=3}
PlacedRectangles[465] = {X=764,Y=1057,Width=31,Height=9}
PlacedRectangles[466] = {X=719,Y=1012,Width=70,Height=8}
PlacedRectangles[467] = {X=725,Y=967,Width=68,Height=7}
PlacedRectangles[468] = {X=755,Y=921,Width=29,Height=1}
PlacedRectangles[469] = {X=794,Y=830,Width=44,Height=8}
PlacedRectangles[470] = {X=836,Y=812,Width=58,Height=6}
PlacedRectangles[471] = {X=954,Y=743,Width=74,Height=7}
PlacedRectangles[472] = {X=1029,Y=774,Width=15,Height=6}
PlacedRectangles[473] = {X=1069,Y=772,Width=33,Height=9}
PlacedRectangles[474] = {X=1092,Y=808,Width=60,Height=4}
PlacedRectangles[475] = {X=1115,Y=844,Width=79,Height=1}
PlacedRectangles[476] = {X=1186,Y=858,Width=27,Height=8}
PlacedRectangles[477] = {X=1179,Y=917,Width=26,Height=3}
PlacedRectangles[478] = {X=1231,Y=946,Width=11,Height=9}
PlacedRectangles[479] = {X=1196,Y=996,Width=75,Height=6}
PlacedRectangles[480] = {X=1191,Y=1133,Width=22,Height=5}
PlacedRectangles[481] = {X=1140,Y=1158,Width=42,Height=6}
PlacedRectangles[482] = {X=1117,Y=1212,Width=51,Height=9}
PlacedRectangles[483] = {X=1081,Y=1231,Width=22,Height=1}
PlacedRectangles[484] = {X=989,Y=1254,Width=17,Height=6}
PlacedRectangles[485] = {X=922,Y=1243,Width=51,Height=7}
PlacedRectangles[486] = {X=878,Y=1230,Width=40,Height=5}
PlacedRectangles[487] = {X=818,Y=1155,Width=29,Height=9}
PlacedRectangles[488] = {X=782,Y=1115,Width=69,Height=1}
PlacedRectangles[489] = {X=805,Y=1068,Width=13,Height=2}
PlacedRectangles[490] = {X=835,Y=1024,Width=14,Height=1}
PlacedRectangles[491] = {X=767,Y=991,Width=61,Height=3}
PlacedRectangles[492] = {X=750,Y=941,Width=33,Height=3}
PlacedRectangles[493] = {X=793,Y=862,Width=56,Height=1}
PlacedRectangles[494] = {X=808,Y=805,Width=47,Height=6}
PlacedRectangles[495] = {X=863,Y=804,Width=59,Height=4}
PlacedRectangles[496] = {X=911,Y=753,Width=19,Height=8}
PlacedRectangles[497] = {X=942,Y=741,Width=54,Height=2}
PlacedRectangles[498] = {X=1007,Y=757,Width=23,Height=4}
PlacedRectangles[499] = {X=1027,Y=892,Width=16,Height=1}
