TagsCloudVisualization.SpiralLayoutDrawingTests.DrawGrowingSizeRectanglesCloud

PlacedRectangles[0] = {X=1000,Y=999,Width=0,Height=2}
PlacedRectangles[1] = {X=1001,Y=999,Width=1,Height=2}
PlacedRectangles[2] = {X=999,Y=1001,Width=2,Height=2}
PlacedRectangles[3] = {X=996,Y=1000,Width=3,Height=2}
PlacedRectangles[4] = {X=994,Y=998,Width=4,Height=2}
PlacedRectangles[5] = {X=995,Y=996,Width=5,Height=2}
PlacedRectangles[6] = {X=996,Y=994,Width=6,Height=2}
PlacedRectangles[7] = {X=1001,Y=997,Width=7,Height=2}
PlacedRectangles[8] = {X=1003,Y=999,Width=8,Height=2}
PlacedRectangles[9] = {X=1003,Y=1001,Width=9,Height=2}
PlacedRectangles[10] = {X=1001,Y=1004,Width=10,Height=2}
PlacedRectangles[11] = {X=998,Y=1006,Width=11,Height=2}
PlacedRectangles[12] = {X=989,Y=1003,Width=12,Height=2}
PlacedRectangles[13] = {X=987,Y=992,Width=13,Height=2}
PlacedRectangles[14] = {X=987,Y=990,Width=14,Height=2}
PlacedRectangles[15] = {X=991,Y=988,Width=15,Height=2}
PlacedRectangles[16] = {X=1001,Y=991,Width=16,Height=2}
PlacedRectangles[17] = {X=1002,Y=993,Width=17,Height=2}
PlacedRectangles[18] = {X=1003,Y=995,Width=18,Height=2}
PlacedRectangles[19] = {X=1000,Y=1009,Width=19,Height=2}
PlacedRectangles[20] = {X=997,Y=1011,Width=20,Height=2}
PlacedRectangles[21] = {X=992,Y=1013,Width=21,Height=2}
PlacedRectangles[22] = {X=977,Y=1009,Width=22,Height=2}
PlacedRectangles[23] = {X=975,Y=1006,Width=23,Height=2}
PlacedRectangles[24] = {X=972,Y=1000,Width=24,Height=2}
PlacedRectangles[25] = {X=977,Y=986,Width=25,Height=2}
PlacedRectangles[26] = {X=979,Y=984,Width=26,Height=2}
PlacedRectangles[27] = {X=983,Y=982,Width=27,Height=2}
PlacedRectangles[28] = {X=998,Y=1015,Width=28,Height=2}
PlacedRectangles[29] = {X=994,Y=1018,Width=29,Height=2}
PlacedRectangles[30] = {X=985,Y=1020,Width=30,Height=2}
PlacedRectangles[31] = {X=963,Y=995,Width=31,Height=2}
PlacedRectangles[32] = {X=972,Y=979,Width=32,Height=2}
PlacedRectangles[33] = {X=976,Y=977,Width=33,Height=2}
PlacedRectangles[34] = {X=980,Y=975,Width=34,Height=2}
PlacedRectangles[35] = {X=1005,Y=986,Width=35,Height=2}
PlacedRectangles[36] = {X=995,Y=1022,Width=36,Height=2}
PlacedRectangles[37] = {X=990,Y=1025,Width=37,Height=2}
PlacedRectangles[38] = {X=959,Y=1016,Width=38,Height=2}
PlacedRectangles[39] = {X=968,Y=972,Width=39,Height=2}
PlacedRectangles[40] = {X=973,Y=970,Width=40,Height=2}
PlacedRectangles[41] = {X=1012,Y=999,Width=41,Height=2}
PlacedRectangles[42] = {X=1011,Y=1004,Width=42,Height=2}
PlacedRectangles[43] = {X=992,Y=1028,Width=43,Height=2}
PlacedRectangles[44] = {X=985,Y=1030,Width=44,Height=2}
PlacedRectangles[45] = {X=978,Y=1032,Width=45,Height=2}
PlacedRectangles[46] = {X=945,Y=1011,Width=46,Height=2}
PlacedRectangles[47] = {X=942,Y=998,Width=47,Height=2}
PlacedRectangles[48] = {X=958,Y=968,Width=48,Height=2}
PlacedRectangles[49] = {X=965,Y=965,Width=49,Height=2}
PlacedRectangles[50] = {X=971,Y=963,Width=50,Height=2}
PlacedRectangles[51] = {X=1011,Y=988,Width=51,Height=2}
PlacedRectangles[52] = {X=1012,Y=1002,Width=52,Height=2}
PlacedRectangles[53] = {X=992,Y=1034,Width=53,Height=2}
PlacedRectangles[54] = {X=983,Y=1037,Width=54,Height=2}
PlacedRectangles[55] = {X=975,Y=1039,Width=55,Height=2}
PlacedRectangles[56] = {X=939,Y=1023,Width=56,Height=2}
PlacedRectangles[57] = {X=955,Y=960,Width=57,Height=2}
PlacedRectangles[58] = {X=962,Y=957,Width=58,Height=2}
PlacedRectangles[59] = {X=1012,Y=983,Width=59,Height=2}
PlacedRectangles[60] = {X=985,Y=1042,Width=60,Height=2}
PlacedRectangles[61] = {X=977,Y=1044,Width=61,Height=2}
PlacedRectangles[62] = {X=929,Y=1013,Width=62,Height=2}
PlacedRectangles[63] = {X=925,Y=1003,Width=63,Height=2}
PlacedRectangles[64] = {X=957,Y=955,Width=64,Height=2}
PlacedRectangles[65] = {X=966,Y=952,Width=65,Height=2}
PlacedRectangles[66] = {X=972,Y=950,Width=66,Height=2}
PlacedRectangles[67] = {X=1006,Y=968,Width=67,Height=2}
PlacedRectangles[68] = {X=1009,Y=980,Width=68,Height=2}
PlacedRectangles[69] = {X=988,Y=1046,Width=69,Height=2}
PlacedRectangles[70] = {X=978,Y=1048,Width=70,Height=2}
PlacedRectangles[71] = {X=966,Y=1051,Width=71,Height=2}
PlacedRectangles[72] = {X=914,Y=990,Width=72,Height=2}
PlacedRectangles[73] = {X=944,Y=948,Width=73,Height=2}
PlacedRectangles[74] = {X=954,Y=945,Width=74,Height=2}
PlacedRectangles[75] = {X=1019,Y=991,Width=75,Height=2}
PlacedRectangles[76] = {X=1017,Y=1013,Width=76,Height=2}
PlacedRectangles[77] = {X=980,Y=1054,Width=77,Height=2}
PlacedRectangles[78] = {X=968,Y=1057,Width=78,Height=2}
PlacedRectangles[79] = {X=911,Y=1026,Width=79,Height=2}
PlacedRectangles[80] = {X=900,Y=993,Width=80,Height=2}
PlacedRectangles[81] = {X=902,Y=981,Width=81,Height=2}
PlacedRectangles[82] = {X=945,Y=942,Width=82,Height=2}
PlacedRectangles[83] = {X=958,Y=939,Width=83,Height=2}
PlacedRectangles[84] = {X=1013,Y=977,Width=84,Height=2}
PlacedRectangles[85] = {X=1021,Y=997,Width=85,Height=2}
PlacedRectangles[86] = {X=1015,Y=1006,Width=86,Height=2}
PlacedRectangles[87] = {X=971,Y=1060,Width=87,Height=2}
PlacedRectangles[88] = {X=958,Y=1062,Width=88,Height=2}
PlacedRectangles[89] = {X=903,Y=1034,Width=89,Height=2}
PlacedRectangles[90] = {X=934,Y=937,Width=90,Height=2}
PlacedRectangles[91] = {X=948,Y=935,Width=91,Height=2}
PlacedRectangles[92] = {X=958,Y=933,Width=92,Height=2}
PlacedRectangles[93] = {X=1014,Y=965,Width=93,Height=2}
PlacedRectangles[94] = {X=974,Y=1064,Width=94,Height=2}
PlacedRectangles[95] = {X=961,Y=1067,Width=95,Height=2}
PlacedRectangles[96] = {X=944,Y=1070,Width=96,Height=2}
PlacedRectangles[97] = {X=883,Y=975,Width=97,Height=2}
PlacedRectangles[98] = {X=938,Y=930,Width=98,Height=2}
PlacedRectangles[99] = {X=951,Y=928,Width=99,Height=2}
