TagsCloudVisualization.BlockLayoutDrawingTests.DrawGrowingSizeRectanglesCloud

PlacedRectangles[0] = {X=1000,Y=999,Width=0,Height=2}
PlacedRectangles[1] = {X=1000,Y=999,Width=1,Height=2}
PlacedRectangles[2] = {X=999,Y=1001,Width=2,Height=2}
PlacedRectangles[3] = {X=996,Y=1001,Width=3,Height=2}
PlacedRectangles[4] = {X=996,Y=997,Width=4,Height=2}
PlacedRectangles[5] = {X=1001,Y=997,Width=5,Height=2}
PlacedRectangles[6] = {X=1000,Y=1003,Width=6,Height=2}
PlacedRectangles[7] = {X=989,Y=1003,Width=7,Height=2}
PlacedRectangles[8] = {X=989,Y=995,Width=8,Height=2}
PlacedRectangles[9] = {X=997,Y=995,Width=9,Height=2}
PlacedRectangles[10] = {X=1006,Y=995,Width=10,Height=2}
PlacedRectangles[11] = {X=1005,Y=1005,Width=11,Height=2}
PlacedRectangles[12] = {X=989,Y=1005,Width=12,Height=2}
PlacedRectangles[13] = {X=976,Y=1005,Width=13,Height=2}
PlacedRectangles[14] = {X=976,Y=993,Width=14,Height=2}
PlacedRectangles[15] = {X=990,Y=993,Width=15,Height=2}
PlacedRectangles[16] = {X=1016,Y=993,Width=16,Height=2}
PlacedRectangles[17] = {X=1015,Y=1007,Width=17,Height=2}
PlacedRectangles[18] = {X=976,Y=1007,Width=18,Height=2}
PlacedRectangles[19] = {X=994,Y=1007,Width=19,Height=2}
PlacedRectangles[20] = {X=956,Y=1007,Width=20,Height=2}
PlacedRectangles[21] = {X=956,Y=991,Width=21,Height=2}
PlacedRectangles[22] = {X=977,Y=991,Width=22,Height=2}
PlacedRectangles[23] = {X=999,Y=991,Width=23,Height=2}
PlacedRectangles[24] = {X=1032,Y=991,Width=24,Height=2}
PlacedRectangles[25] = {X=1031,Y=1009,Width=25,Height=2}
PlacedRectangles[26] = {X=956,Y=1009,Width=26,Height=2}
PlacedRectangles[27] = {X=982,Y=1009,Width=27,Height=2}
PlacedRectangles[28] = {X=928,Y=1009,Width=28,Height=2}
PlacedRectangles[29] = {X=928,Y=989,Width=29,Height=2}
PlacedRectangles[30] = {X=957,Y=989,Width=30,Height=2}
PlacedRectangles[31] = {X=987,Y=989,Width=31,Height=2}
PlacedRectangles[32] = {X=1018,Y=989,Width=32,Height=2}
PlacedRectangles[33] = {X=1056,Y=989,Width=33,Height=2}
PlacedRectangles[34] = {X=1055,Y=1011,Width=34,Height=2}
PlacedRectangles[35] = {X=928,Y=1011,Width=35,Height=2}
PlacedRectangles[36] = {X=963,Y=1011,Width=36,Height=2}
PlacedRectangles[37] = {X=999,Y=1011,Width=37,Height=2}
PlacedRectangles[38] = {X=890,Y=1011,Width=38,Height=2}
PlacedRectangles[39] = {X=890,Y=987,Width=39,Height=2}
PlacedRectangles[40] = {X=929,Y=987,Width=40,Height=2}
PlacedRectangles[41] = {X=969,Y=987,Width=41,Height=2}
PlacedRectangles[42] = {X=1010,Y=987,Width=42,Height=2}
PlacedRectangles[43] = {X=1089,Y=987,Width=43,Height=2}
PlacedRectangles[44] = {X=1088,Y=1013,Width=44,Height=2}
PlacedRectangles[45] = {X=890,Y=1013,Width=45,Height=2}
PlacedRectangles[46] = {X=935,Y=1013,Width=46,Height=2}
PlacedRectangles[47] = {X=981,Y=1013,Width=47,Height=2}
PlacedRectangles[48] = {X=1028,Y=1013,Width=48,Height=2}
PlacedRectangles[49] = {X=841,Y=1013,Width=49,Height=2}
PlacedRectangles[50] = {X=841,Y=985,Width=50,Height=2}
PlacedRectangles[51] = {X=891,Y=985,Width=51,Height=2}
PlacedRectangles[52] = {X=942,Y=985,Width=52,Height=2}
PlacedRectangles[53] = {X=994,Y=985,Width=53,Height=2}
PlacedRectangles[54] = {X=1047,Y=985,Width=54,Height=2}
PlacedRectangles[55] = {X=1132,Y=985,Width=55,Height=2}
PlacedRectangles[56] = {X=1131,Y=1015,Width=56,Height=2}
PlacedRectangles[57] = {X=841,Y=1015,Width=57,Height=2}
PlacedRectangles[58] = {X=898,Y=1015,Width=58,Height=2}
PlacedRectangles[59] = {X=956,Y=1015,Width=59,Height=2}
PlacedRectangles[60] = {X=1015,Y=1015,Width=60,Height=2}
PlacedRectangles[61] = {X=780,Y=1015,Width=61,Height=2}
PlacedRectangles[62] = {X=780,Y=983,Width=62,Height=2}
PlacedRectangles[63] = {X=842,Y=983,Width=63,Height=2}
PlacedRectangles[64] = {X=905,Y=983,Width=64,Height=2}
PlacedRectangles[65] = {X=969,Y=983,Width=65,Height=2}
PlacedRectangles[66] = {X=1034,Y=983,Width=66,Height=2}
PlacedRectangles[67] = {X=1100,Y=983,Width=67,Height=2}
PlacedRectangles[68] = {X=1187,Y=983,Width=68,Height=2}
PlacedRectangles[69] = {X=1186,Y=1017,Width=69,Height=2}
PlacedRectangles[70] = {X=780,Y=1017,Width=70,Height=2}
PlacedRectangles[71] = {X=850,Y=1017,Width=71,Height=2}
PlacedRectangles[72] = {X=921,Y=1017,Width=72,Height=2}
PlacedRectangles[73] = {X=993,Y=1017,Width=73,Height=2}
PlacedRectangles[74] = {X=1066,Y=1017,Width=74,Height=2}
PlacedRectangles[75] = {X=705,Y=1017,Width=75,Height=2}
PlacedRectangles[76] = {X=705,Y=981,Width=76,Height=2}
PlacedRectangles[77] = {X=781,Y=981,Width=77,Height=2}
PlacedRectangles[78] = {X=858,Y=981,Width=78,Height=2}
PlacedRectangles[79] = {X=936,Y=981,Width=79,Height=2}
PlacedRectangles[80] = {X=1015,Y=981,Width=80,Height=2}
PlacedRectangles[81] = {X=1095,Y=981,Width=81,Height=2}
PlacedRectangles[82] = {X=1255,Y=981,Width=82,Height=2}
PlacedRectangles[83] = {X=1254,Y=1019,Width=83,Height=2}
PlacedRectangles[84] = {X=705,Y=1019,Width=84,Height=2}
PlacedRectangles[85] = {X=789,Y=1019,Width=85,Height=2}
PlacedRectangles[86] = {X=874,Y=1019,Width=86,Height=2}
PlacedRectangles[87] = {X=960,Y=1019,Width=87,Height=2}
PlacedRectangles[88] = {X=1047,Y=1019,Width=88,Height=2}
PlacedRectangles[89] = {X=1135,Y=1019,Width=89,Height=2}
PlacedRectangles[90] = {X=615,Y=1019,Width=90,Height=2}
PlacedRectangles[91] = {X=615,Y=979,Width=91,Height=2}
PlacedRectangles[92] = {X=706,Y=979,Width=92,Height=2}
PlacedRectangles[93] = {X=798,Y=979,Width=93,Height=2}
PlacedRectangles[94] = {X=891,Y=979,Width=94,Height=2}
PlacedRectangles[95] = {X=985,Y=979,Width=95,Height=2}
PlacedRectangles[96] = {X=1080,Y=979,Width=96,Height=2}
PlacedRectangles[97] = {X=1176,Y=979,Width=97,Height=2}
PlacedRectangles[98] = {X=1337,Y=979,Width=98,Height=2}
PlacedRectangles[99] = {X=1336,Y=1021,Width=99,Height=2}
