TagsCloudVisualization.BlockLayoutDrawingTests.DrawRandomCloud

PlacedRectangles[0] = {X=988,Y=997,Width=25,Height=6}
PlacedRectangles[1] = {X=1013,Y=997,Width=66,Height=8}
PlacedRectangles[2] = {X=1025,Y=1005,Width=54,Height=8}
PlacedRectangles[3] = {X=922,Y=1006,Width=66,Height=7}
PlacedRectangles[4] = {X=988,Y=1005,Width=29,Height=8}
PlacedRectangles[5] = {X=922,Y=997,Width=25,Height=3}
PlacedRectangles[6] = {X=922,Y=991,Width=71,Height=6}
PlacedRectangles[7] = {X=922,Y=1000,Width=22,Height=5}
PlacedRectangles[8] = {X=1079,Y=991,Width=40,Height=7}
PlacedRectangles[9] = {X=1046,Y=1013,Width=73,Height=7}
PlacedRectangles[10] = {X=993,Y=991,Width=48,Height=2}
PlacedRectangles[11] = {X=944,Y=1000,Width=34,Height=5}
PlacedRectangles[12] = {X=843,Y=1012,Width=79,Height=8}
PlacedRectangles[13] = {X=993,Y=993,Width=14,Height=4}
PlacedRectangles[14] = {X=922,Y=1013,Width=54,Height=7}
PlacedRectangles[15] = {X=976,Y=1013,Width=64,Height=5}
PlacedRectangles[16] = {X=1079,Y=998,Width=11,Height=9}
PlacedRectangles[17] = {X=1079,Y=1007,Width=18,Height=5}
PlacedRectangles[18] = {X=1090,Y=998,Width=27,Height=7}
PlacedRectangles[19] = {X=1097,Y=1007,Width=14,Height=5}
PlacedRectangles[20] = {X=1079,Y=1012,Width=28,Height=1}
PlacedRectangles[21] = {X=843,Y=991,Width=36,Height=9}
PlacedRectangles[22] = {X=988,Y=1003,Width=20,Height=2}
PlacedRectangles[23] = {X=879,Y=991,Width=38,Height=9}
PlacedRectangles[24] = {X=843,Y=1000,Width=37,Height=8}
PlacedRectangles[25] = {X=922,Y=1005,Width=47,Height=1}
PlacedRectangles[26] = {X=843,Y=1008,Width=79,Height=3}
PlacedRectangles[27] = {X=843,Y=1011,Width=40,Height=1}
PlacedRectangles[28] = {X=947,Y=997,Width=26,Height=3}
PlacedRectangles[29] = {X=843,Y=984,Width=70,Height=7}
PlacedRectangles[30] = {X=913,Y=984,Width=68,Height=5}
PlacedRectangles[31] = {X=880,Y=1000,Width=14,Height=6}
PlacedRectangles[32] = {X=1119,Y=984,Width=11,Height=7}
PlacedRectangles[33] = {X=1104,Y=1020,Width=26,Height=9}
PlacedRectangles[34] = {X=843,Y=1020,Width=46,Height=6}
PlacedRectangles[35] = {X=819,Y=1022,Width=24,Height=7}
PlacedRectangles[36] = {X=1007,Y=993,Width=55,Height=4}
PlacedRectangles[37] = {X=981,Y=984,Width=41,Height=5}
PlacedRectangles[38] = {X=1022,Y=984,Width=62,Height=4}
PlacedRectangles[39] = {X=819,Y=976,Width=36,Height=8}
PlacedRectangles[40] = {X=880,Y=1006,Width=41,Height=2}
PlacedRectangles[41] = {X=855,Y=976,Width=77,Height=8}
PlacedRectangles[42] = {X=819,Y=984,Width=22,Height=7}
PlacedRectangles[43] = {X=932,Y=976,Width=48,Height=7}
PlacedRectangles[44] = {X=1022,Y=988,Width=42,Height=1}
PlacedRectangles[45] = {X=1130,Y=976,Width=30,Height=9}
PlacedRectangles[46] = {X=843,Y=1026,Width=67,Height=3}
PlacedRectangles[47] = {X=1101,Y=1029,Width=59,Height=8}
PlacedRectangles[48] = {X=819,Y=1029,Width=79,Height=8}
PlacedRectangles[49] = {X=980,Y=976,Width=73,Height=5}
PlacedRectangles[50] = {X=1053,Y=976,Width=76,Height=4}
PlacedRectangles[51] = {X=898,Y=1029,Width=37,Height=7}
PlacedRectangles[52] = {X=765,Y=1029,Width=54,Height=8}
PlacedRectangles[53] = {X=935,Y=1029,Width=35,Height=6}
PlacedRectangles[54] = {X=765,Y=967,Width=67,Height=9}
PlacedRectangles[55] = {X=765,Y=976,Width=35,Height=8}
PlacedRectangles[56] = {X=1053,Y=980,Width=73,Height=1}
PlacedRectangles[57] = {X=765,Y=984,Width=32,Height=7}
PlacedRectangles[58] = {X=910,Y=1026,Width=44,Height=3}
PlacedRectangles[59] = {X=954,Y=1026,Width=36,Height=3}
PlacedRectangles[60] = {X=800,Y=976,Width=18,Height=5}
PlacedRectangles[61] = {X=970,Y=1029,Width=45,Height=5}
PlacedRectangles[62] = {X=1084,Y=984,Width=35,Height=3}
PlacedRectangles[63] = {X=1015,Y=1029,Width=74,Height=4}
PlacedRectangles[64] = {X=889,Y=1020,Width=56,Height=6}
PlacedRectangles[65] = {X=765,Y=991,Width=45,Height=9}
PlacedRectangles[66] = {X=765,Y=1000,Width=46,Height=9}
PlacedRectangles[67] = {X=1015,Y=1033,Width=70,Height=1}
PlacedRectangles[68] = {X=990,Y=1026,Width=63,Height=3}
PlacedRectangles[69] = {X=797,Y=984,Width=21,Height=4}
PlacedRectangles[70] = {X=765,Y=1009,Width=36,Height=9}
PlacedRectangles[71] = {X=945,Y=1020,Width=75,Height=5}
PlacedRectangles[72] = {X=1020,Y=1020,Width=55,Height=5}
PlacedRectangles[73] = {X=801,Y=1009,Width=14,Height=7}
PlacedRectangles[74] = {X=970,Y=1034,Width=77,Height=1}
PlacedRectangles[75] = {X=765,Y=1018,Width=31,Height=7}
PlacedRectangles[76] = {X=832,Y=967,Width=40,Height=6}
PlacedRectangles[77] = {X=872,Y=967,Width=34,Height=5}
PlacedRectangles[78] = {X=1160,Y=967,Width=75,Height=8}
PlacedRectangles[79] = {X=765,Y=1025,Width=35,Height=4}
PlacedRectangles[80] = {X=1160,Y=975,Width=71,Height=9}
PlacedRectangles[81] = {X=980,Y=981,Width=77,Height=2}
PlacedRectangles[82] = {X=906,Y=967,Width=40,Height=4}
PlacedRectangles[83] = {X=1084,Y=987,Width=29,Height=1}
PlacedRectangles[84] = {X=797,Y=988,Width=22,Height=3}
PlacedRectangles[85] = {X=946,Y=967,Width=73,Height=3}
PlacedRectangles[86] = {X=819,Y=991,Width=17,Height=9}
PlacedRectangles[87] = {X=1057,Y=981,Width=72,Height=2}
PlacedRectangles[88] = {X=1160,Y=984,Width=46,Height=9}
PlacedRectangles[89] = {X=1160,Y=993,Width=69,Height=8}
PlacedRectangles[90] = {X=1090,Y=1005,Width=21,Height=2}
PlacedRectangles[91] = {X=1160,Y=1001,Width=38,Height=6}
PlacedRectangles[92] = {X=1160,Y=1007,Width=33,Height=8}
PlacedRectangles[93] = {X=1160,Y=1015,Width=44,Height=8}
PlacedRectangles[94] = {X=1160,Y=1023,Width=48,Height=4}
PlacedRectangles[95] = {X=1204,Y=1015,Width=15,Height=8}
PlacedRectangles[96] = {X=1160,Y=1027,Width=70,Height=7}
PlacedRectangles[97] = {X=1189,Y=1037,Width=46,Height=4}
PlacedRectangles[98] = {X=689,Y=1034,Width=76,Height=7}
PlacedRectangles[99] = {X=973,Y=997,Width=15,Height=3}
PlacedRectangles[100] = {X=883,Y=1011,Width=24,Height=1}
PlacedRectangles[101] = {X=689,Y=967,Width=51,Height=6}
PlacedRectangles[102] = {X=969,Y=1005,Width=18,Height=1}
PlacedRectangles[103] = {X=689,Y=973,Width=52,Height=5}
PlacedRectangles[104] = {X=976,Y=1018,Width=62,Height=2}
PlacedRectangles[105] = {X=689,Y=978,Width=76,Height=9}
PlacedRectangles[106] = {X=741,Y=973,Width=12,Height=5}
PlacedRectangles[107] = {X=1206,Y=984,Width=27,Height=7}
PlacedRectangles[108] = {X=765,Y=1037,Width=50,Height=4}
PlacedRectangles[109] = {X=689,Y=987,Width=68,Height=6}
PlacedRectangles[110] = {X=815,Y=1037,Width=74,Height=4}
PlacedRectangles[111] = {X=1193,Y=1007,Width=42,Height=8}
PlacedRectangles[112] = {X=1047,Y=1034,Width=25,Height=1}
PlacedRectangles[113] = {X=889,Y=1037,Width=38,Height=4}
PlacedRectangles[114] = {X=689,Y=993,Width=42,Height=5}
PlacedRectangles[115] = {X=1130,Y=985,Width=27,Height=7}
PlacedRectangles[116] = {X=689,Y=998,Width=72,Height=6}
PlacedRectangles[117] = {X=945,Y=1025,Width=57,Height=1}
PlacedRectangles[118] = {X=689,Y=1004,Width=48,Height=7}
PlacedRectangles[119] = {X=1053,Y=1026,Width=45,Height=3}
PlacedRectangles[120] = {X=1072,Y=1034,Width=22,Height=1}
PlacedRectangles[121] = {X=800,Y=1025,Width=19,Height=4}
PlacedRectangles[122] = {X=1160,Y=1034,Width=41,Height=2}
PlacedRectangles[123] = {X=927,Y=1037,Width=69,Height=4}
PlacedRectangles[124] = {X=689,Y=1011,Width=45,Height=8}
PlacedRectangles[125] = {X=689,Y=1019,Width=65,Height=6}
PlacedRectangles[126] = {X=689,Y=1025,Width=74,Height=4}
PlacedRectangles[127] = {X=734,Y=1011,Width=31,Height=8}
PlacedRectangles[128] = {X=689,Y=959,Width=51,Height=8}
PlacedRectangles[129] = {X=689,Y=1029,Width=39,Height=2}
PlacedRectangles[130] = {X=689,Y=1031,Width=54,Height=3}
PlacedRectangles[131] = {X=1019,Y=967,Width=78,Height=3}
PlacedRectangles[132] = {X=913,Y=989,Width=72,Height=2}
PlacedRectangles[133] = {X=1062,Y=993,Width=13,Height=4}
PlacedRectangles[134] = {X=985,Y=989,Width=67,Height=2}
PlacedRectangles[135] = {X=819,Y=1000,Width=23,Height=8}
PlacedRectangles[136] = {X=740,Y=959,Width=68,Height=5}
PlacedRectangles[137] = {X=1235,Y=959,Width=43,Height=8}
PlacedRectangles[138] = {X=1064,Y=988,Width=28,Height=1}
PlacedRectangles[139] = {X=1201,Y=1034,Width=33,Height=1}
PlacedRectangles[140] = {X=1092,Y=988,Width=21,Height=1}
PlacedRectangles[141] = {X=1209,Y=1041,Width=69,Height=7}
PlacedRectangles[142] = {X=689,Y=1041,Width=59,Height=6}
PlacedRectangles[143] = {X=808,Y=959,Width=68,Height=5}
PlacedRectangles[144] = {X=1235,Y=967,Width=32,Height=8}
PlacedRectangles[145] = {X=644,Y=1041,Width=45,Height=7}
PlacedRectangles[146] = {X=731,Y=993,Width=33,Height=4}
PlacedRectangles[147] = {X=644,Y=950,Width=56,Height=9}
PlacedRectangles[148] = {X=819,Y=1008,Width=14,Height=9}
PlacedRectangles[149] = {X=1097,Y=967,Width=44,Height=3}
PlacedRectangles[150] = {X=819,Y=1017,Width=15,Height=5}
PlacedRectangles[151] = {X=996,Y=1037,Width=48,Height=4}
PlacedRectangles[152] = {X=700,Y=950,Width=51,Height=9}
PlacedRectangles[153] = {X=1044,Y=1037,Width=64,Height=4}
PlacedRectangles[154] = {X=1108,Y=1037,Width=76,Height=4}
PlacedRectangles[155] = {X=876,Y=959,Width=48,Height=5}
PlacedRectangles[156] = {X=924,Y=959,Width=43,Height=4}
PlacedRectangles[157] = {X=748,Y=1041,Width=76,Height=6}
PlacedRectangles[158] = {X=1198,Y=1001,Width=36,Height=3}
PlacedRectangles[159] = {X=832,Y=973,Width=47,Height=3}
PlacedRectangles[160] = {X=824,Y=1041,Width=34,Height=6}
PlacedRectangles[161] = {X=1130,Y=992,Width=16,Height=9}
PlacedRectangles[162] = {X=858,Y=1041,Width=54,Height=5}
PlacedRectangles[163] = {X=912,Y=1041,Width=43,Height=5}
PlacedRectangles[164] = {X=955,Y=1041,Width=72,Height=5}
PlacedRectangles[165] = {X=1027,Y=1041,Width=67,Height=4}
PlacedRectangles[166] = {X=1160,Y=1036,Width=50,Height=1}
PlacedRectangles[167] = {X=1267,Y=967,Width=10,Height=7}
PlacedRectangles[168] = {X=644,Y=959,Width=44,Height=5}
PlacedRectangles[169] = {X=1219,Y=1015,Width=16,Height=7}
PlacedRectangles[170] = {X=751,Y=950,Width=70,Height=5}
PlacedRectangles[171] = {X=644,Y=964,Width=45,Height=9}
PlacedRectangles[172] = {X=1235,Y=975,Width=32,Height=9}
PlacedRectangles[173] = {X=1130,Y=1001,Width=28,Height=9}
PlacedRectangles[174] = {X=1002,Y=1025,Width=40,Height=1}
PlacedRectangles[175] = {X=1278,Y=950,Width=49,Height=7}
PlacedRectangles[176] = {X=1198,Y=1004,Width=35,Height=3}
PlacedRectangles[177] = {X=821,Y=950,Width=73,Height=5}
PlacedRectangles[178] = {X=1235,Y=984,Width=35,Height=6}
PlacedRectangles[179] = {X=1052,Y=989,Width=60,Height=2}
PlacedRectangles[180] = {X=1094,Y=1041,Width=44,Height=3}
PlacedRectangles[181] = {X=967,Y=959,Width=43,Height=4}
PlacedRectangles[182] = {X=1138,Y=1041,Width=51,Height=2}
PlacedRectangles[183] = {X=1010,Y=959,Width=76,Height=4}
PlacedRectangles[184] = {X=1086,Y=959,Width=33,Height=3}
PlacedRectangles[185] = {X=1130,Y=1010,Width=16,Height=8}
PlacedRectangles[186] = {X=1130,Y=1018,Width=24,Height=8}
PlacedRectangles[187] = {X=1235,Y=990,Width=38,Height=9}
PlacedRectangles[188] = {X=801,Y=1016,Width=15,Height=2}
PlacedRectangles[189] = {X=1274,Y=1048,Width=53,Height=6}
PlacedRectangles[190] = {X=1075,Y=1020,Width=23,Height=5}
PlacedRectangles[191] = {X=1267,Y=975,Width=11,Height=8}
PlacedRectangles[192] = {X=1094,Y=1044,Width=77,Height=1}
PlacedRectangles[193] = {X=894,Y=950,Width=79,Height=4}
PlacedRectangles[194] = {X=740,Y=967,Width=20,Height=5}
PlacedRectangles[195] = {X=1235,Y=999,Width=34,Height=8}
PlacedRectangles[196] = {X=580,Y=1045,Width=64,Height=9}
PlacedRectangles[197] = {X=894,Y=1000,Width=26,Height=5}
PlacedRectangles[198] = {X=1086,Y=962,Width=77,Height=1}
PlacedRectangles[199] = {X=728,Y=1029,Width=31,Height=2}
PlacedRectangles[200] = {X=1146,Y=1010,Width=12,Height=8}
PlacedRectangles[201] = {X=1119,Y=959,Width=56,Height=2}
PlacedRectangles[202] = {X=580,Y=943,Width=78,Height=7}
PlacedRectangles[203] = {X=644,Y=1048,Width=48,Height=6}
PlacedRectangles[204] = {X=1138,Y=1043,Width=68,Height=1}
PlacedRectangles[205] = {X=1175,Y=959,Width=39,Height=2}
PlacedRectangles[206] = {X=1119,Y=961,Width=78,Height=1}
PlacedRectangles[207] = {X=935,Y=1035,Width=75,Height=1}
PlacedRectangles[208] = {X=1235,Y=1007,Width=31,Height=7}
PlacedRectangles[209] = {X=1235,Y=1014,Width=42,Height=5}
PlacedRectangles[210] = {X=796,Y=1018,Width=22,Height=6}
PlacedRectangles[211] = {X=1235,Y=1019,Width=27,Height=8}
PlacedRectangles[212] = {X=879,Y=973,Width=72,Height=2}
PlacedRectangles[213] = {X=800,Y=981,Width=18,Height=3}
PlacedRectangles[214] = {X=1278,Y=957,Width=48,Height=8}
PlacedRectangles[215] = {X=1327,Y=943,Width=75,Height=9}
PlacedRectangles[216] = {X=692,Y=1048,Width=71,Height=5}
PlacedRectangles[217] = {X=973,Y=950,Width=53,Height=4}
PlacedRectangles[218] = {X=1327,Y=952,Width=67,Height=8}
PlacedRectangles[219] = {X=1026,Y=950,Width=68,Height=3}
PlacedRectangles[220] = {X=751,Y=955,Width=45,Height=4}
PlacedRectangles[221] = {X=951,Y=973,Width=45,Height=2}
PlacedRectangles[222] = {X=1189,Y=1041,Width=15,Height=2}
PlacedRectangles[223] = {X=658,Y=943,Width=73,Height=7}
PlacedRectangles[224] = {X=1089,Y=1029,Width=11,Height=3}
PlacedRectangles[225] = {X=1130,Y=1026,Width=26,Height=3}
PlacedRectangles[226] = {X=580,Y=950,Width=53,Height=8}
PlacedRectangles[227] = {X=796,Y=955,Width=76,Height=4}
PlacedRectangles[228] = {X=580,Y=958,Width=52,Height=8}
PlacedRectangles[229] = {X=1235,Y=1027,Width=30,Height=7}
PlacedRectangles[230] = {X=1094,Y=950,Width=49,Height=3}
PlacedRectangles[231] = {X=833,Y=1008,Width=10,Height=9}
PlacedRectangles[232] = {X=1208,Y=1023,Width=15,Height=4}
PlacedRectangles[233] = {X=1235,Y=1034,Width=31,Height=5}
PlacedRectangles[234] = {X=644,Y=973,Width=41,Height=6}
PlacedRectangles[235] = {X=737,Y=1004,Width=22,Height=5}
PlacedRectangles[236] = {X=996,Y=973,Width=68,Height=2}
PlacedRectangles[237] = {X=1266,Y=1007,Width=11,Height=7}
PlacedRectangles[238] = {X=796,Y=1024,Width=17,Height=1}
PlacedRectangles[239] = {X=731,Y=943,Width=62,Height=7}
PlacedRectangles[240] = {X=872,Y=955,Width=31,Height=4}
PlacedRectangles[241] = {X=1143,Y=950,Width=25,Height=3}
PlacedRectangles[242] = {X=793,Y=943,Width=53,Height=6}
PlacedRectangles[243] = {X=1171,Y=1044,Width=35,Height=1}
PlacedRectangles[244] = {X=1064,Y=973,Width=46,Height=2}
PlacedRectangles[245] = {X=580,Y=966,Width=61,Height=9}
PlacedRectangles[246] = {X=1042,Y=1025,Width=47,Height=1}
PlacedRectangles[247] = {X=1168,Y=950,Width=61,Height=2}
PlacedRectangles[248] = {X=763,Y=1048,Width=39,Height=5}
PlacedRectangles[249] = {X=1146,Y=992,Width=14,Height=6}
PlacedRectangles[250] = {X=903,Y=955,Width=71,Height=4}
PlacedRectangles[251] = {X=974,Y=955,Width=27,Height=4}
PlacedRectangles[252] = {X=1262,Y=1019,Width=14,Height=7}
PlacedRectangles[253] = {X=802,Y=1048,Width=42,Height=5}
PlacedRectangles[254] = {X=1001,Y=955,Width=63,Height=2}
PlacedRectangles[255] = {X=844,Y=1048,Width=32,Height=5}
PlacedRectangles[256] = {X=644,Y=979,Width=16,Height=6}
PlacedRectangles[257] = {X=1235,Y=1039,Width=42,Height=2}
PlacedRectangles[258] = {X=644,Y=985,Width=16,Height=7}
PlacedRectangles[259] = {X=876,Y=1048,Width=34,Height=5}
PlacedRectangles[260] = {X=1214,Y=959,Width=15,Height=2}
PlacedRectangles[261] = {X=740,Y=964,Width=77,Height=3}
PlacedRectangles[262] = {X=1064,Y=955,Width=71,Height=2}
PlacedRectangles[263] = {X=1327,Y=960,Width=75,Height=8}
PlacedRectangles[264] = {X=644,Y=992,Width=39,Height=8}
PlacedRectangles[265] = {X=644,Y=1000,Width=33,Height=6}
PlacedRectangles[266] = {X=1107,Y=1012,Width=12,Height=1}
PlacedRectangles[267] = {X=1327,Y=968,Width=68,Height=9}
PlacedRectangles[268] = {X=644,Y=1006,Width=21,Height=8}
PlacedRectangles[269] = {X=644,Y=1014,Width=27,Height=8}
PlacedRectangles[270] = {X=644,Y=1022,Width=21,Height=9}
PlacedRectangles[271] = {X=644,Y=1031,Width=32,Height=3}
PlacedRectangles[272] = {X=817,Y=964,Width=70,Height=3}
PlacedRectangles[273] = {X=1327,Y=977,Width=73,Height=9}
PlacedRectangles[274] = {X=846,Y=943,Width=51,Height=6}
PlacedRectangles[275] = {X=671,Y=1014,Width=17,Height=7}
PlacedRectangles[276] = {X=660,Y=979,Width=22,Height=6}
PlacedRectangles[277] = {X=897,Y=943,Width=50,Height=6}
PlacedRectangles[278] = {X=1278,Y=965,Width=40,Height=9}
PlacedRectangles[279] = {X=1278,Y=974,Width=47,Height=8}
PlacedRectangles[280] = {X=1327,Y=986,Width=67,Height=7}
PlacedRectangles[281] = {X=665,Y=1022,Width=12,Height=9}
PlacedRectangles[282] = {X=1327,Y=993,Width=70,Height=7}
PlacedRectangles[283] = {X=1278,Y=982,Width=42,Height=9}
PlacedRectangles[284] = {X=947,Y=943,Width=62,Height=6}
PlacedRectangles[285] = {X=887,Y=964,Width=78,Height=3}
PlacedRectangles[286] = {X=644,Y=1034,Width=41,Height=5}
PlacedRectangles[287] = {X=1041,Y=991,Width=30,Height=2}
PlacedRectangles[288] = {X=1009,Y=943,Width=72,Height=6}
PlacedRectangles[289] = {X=1081,Y=943,Width=38,Height=6}
PlacedRectangles[290] = {X=1278,Y=991,Width=29,Height=9}
PlacedRectangles[291] = {X=665,Y=1006,Width=23,Height=8}
PlacedRectangles[292] = {X=1119,Y=943,Width=60,Height=6}
PlacedRectangles[293] = {X=1179,Y=943,Width=37,Height=4}
PlacedRectangles[294] = {X=1229,Y=950,Width=46,Height=2}
PlacedRectangles[295] = {X=644,Y=1039,Width=42,Height=2}
PlacedRectangles[296] = {X=660,Y=985,Width=28,Height=4}
PlacedRectangles[297] = {X=753,Y=973,Width=12,Height=5}
PlacedRectangles[298] = {X=1216,Y=943,Width=70,Height=4}
PlacedRectangles[299] = {X=1163,Y=962,Width=41,Height=1}
PlacedRectangles[300] = {X=1327,Y=1000,Width=63,Height=9}
PlacedRectangles[301] = {X=1210,Y=1036,Width=23,Height=1}
PlacedRectangles[302] = {X=1327,Y=1009,Width=53,Height=8}
PlacedRectangles[303] = {X=1278,Y=1000,Width=28,Height=7}
PlacedRectangles[304] = {X=1286,Y=943,Width=32,Height=4}
PlacedRectangles[305] = {X=1327,Y=1017,Width=63,Height=8}
PlacedRectangles[306] = {X=1278,Y=1007,Width=49,Height=9}
PlacedRectangles[307] = {X=1327,Y=1025,Width=52,Height=8}
PlacedRectangles[308] = {X=1110,Y=973,Width=44,Height=2}
PlacedRectangles[309] = {X=660,Y=989,Width=26,Height=3}
PlacedRectangles[310] = {X=1197,Y=961,Width=35,Height=1}
PlacedRectangles[311] = {X=1278,Y=1016,Width=43,Height=6}
PlacedRectangles[312] = {X=1380,Y=1009,Width=17,Height=8}
PlacedRectangles[313] = {X=1267,Y=974,Width=10,Height=1}
PlacedRectangles[314] = {X=1278,Y=1022,Width=42,Height=8}
PlacedRectangles[315] = {X=1278,Y=1030,Width=31,Height=5}
PlacedRectangles[316] = {X=1379,Y=1025,Width=23,Height=3}
PlacedRectangles[317] = {X=1327,Y=1033,Width=71,Height=4}
PlacedRectangles[318] = {X=1135,Y=955,Width=66,Height=2}
PlacedRectangles[319] = {X=1278,Y=1035,Width=24,Height=9}
PlacedRectangles[320] = {X=1327,Y=1037,Width=34,Height=7}
PlacedRectangles[321] = {X=737,Y=1009,Width=16,Height=2}
PlacedRectangles[322] = {X=1361,Y=1037,Width=38,Height=7}
PlacedRectangles[323] = {X=1327,Y=1044,Width=54,Height=4}
PlacedRectangles[324] = {X=1201,Y=955,Width=62,Height=2}
PlacedRectangles[325] = {X=1323,Y=1054,Width=79,Height=6}
PlacedRectangles[326] = {X=1141,Y=967,Width=19,Height=2}
PlacedRectangles[327] = {X=580,Y=975,Width=61,Height=7}
PlacedRectangles[328] = {X=1327,Y=1048,Width=40,Height=6}
PlacedRectangles[329] = {X=507,Y=1052,Width=73,Height=8}
PlacedRectangles[330] = {X=1179,Y=947,Width=66,Height=2}
PlacedRectangles[331] = {X=1367,Y=1048,Width=25,Height=5}
PlacedRectangles[332] = {X=743,Y=1031,Width=16,Height=3}
PlacedRectangles[333] = {X=965,Y=964,Width=51,Height=3}
PlacedRectangles[334] = {X=676,Y=1031,Width=11,Height=3}
PlacedRectangles[335] = {X=1146,Y=998,Width=11,Height=3}
PlacedRectangles[336] = {X=910,Y=1048,Width=79,Height=4}
PlacedRectangles[337] = {X=580,Y=1054,Width=73,Height=6}
PlacedRectangles[338] = {X=989,Y=1048,Width=75,Height=4}
PlacedRectangles[339] = {X=1381,Y=1044,Width=21,Height=4}
PlacedRectangles[340] = {X=1306,Y=1000,Width=19,Height=6}
PlacedRectangles[341] = {X=1278,Y=1044,Width=34,Height=3}
PlacedRectangles[342] = {X=653,Y=1054,Width=66,Height=6}
PlacedRectangles[343] = {X=580,Y=982,Width=37,Height=9}
PlacedRectangles[344] = {X=1245,Y=947,Width=49,Height=2}
PlacedRectangles[345] = {X=1001,Y=957,Width=75,Height=2}
PlacedRectangles[346] = {X=1064,Y=1048,Width=29,Height=4}
PlacedRectangles[347] = {X=1263,Y=955,Width=15,Height=2}
PlacedRectangles[348] = {X=580,Y=991,Width=44,Height=6}
PlacedRectangles[349] = {X=753,Y=1009,Width=11,Height=2}
PlacedRectangles[350] = {X=1309,Y=1030,Width=15,Height=4}
PlacedRectangles[351] = {X=580,Y=997,Width=34,Height=5}
PlacedRectangles[352] = {X=1302,Y=1035,Width=22,Height=7}
PlacedRectangles[353] = {X=580,Y=1002,Width=55,Height=8}
PlacedRectangles[354] = {X=1204,Y=962,Width=30,Height=1}
PlacedRectangles[355] = {X=1010,Y=1035,Width=64,Height=1}
PlacedRectangles[356] = {X=580,Y=1010,Width=41,Height=5}
PlacedRectangles[357] = {X=1076,Y=957,Width=58,Height=2}
PlacedRectangles[358] = {X=507,Y=943,Width=67,Height=9}
PlacedRectangles[359] = {X=1093,Y=1048,Width=59,Height=4}
PlacedRectangles[360] = {X=719,Y=1054,Width=69,Height=6}
PlacedRectangles[361] = {X=580,Y=1015,Width=57,Height=8}
PlacedRectangles[362] = {X=580,Y=1023,Width=32,Height=8}
PlacedRectangles[363] = {X=677,Y=1000,Width=12,Height=6}
PlacedRectangles[364] = {X=617,Y=982,Width=27,Height=7}
PlacedRectangles[365] = {X=1379,Y=1028,Width=21,Height=4}
PlacedRectangles[366] = {X=580,Y=1031,Width=34,Height=9}
PlacedRectangles[367] = {X=507,Y=952,Width=35,Height=7}
PlacedRectangles[368] = {X=612,Y=1023,Width=29,Height=8}
PlacedRectangles[369] = {X=1312,Y=1044,Width=15,Height=2}
PlacedRectangles[370] = {X=754,Y=1019,Width=10,Height=6}
PlacedRectangles[371] = {X=580,Y=1040,Width=59,Height=5}
PlacedRectangles[372] = {X=507,Y=959,Width=35,Height=8}
PlacedRectangles[373] = {X=507,Y=967,Width=61,Height=8}
PlacedRectangles[374] = {X=507,Y=975,Width=56,Height=9}
PlacedRectangles[375] = {X=542,Y=952,Width=34,Height=5}
PlacedRectangles[376] = {X=788,Y=1054,Width=71,Height=6}
PlacedRectangles[377] = {X=542,Y=959,Width=32,Height=5}
PlacedRectangles[378] = {X=859,Y=1054,Width=59,Height=5}
PlacedRectangles[379] = {X=621,Y=1010,Width=22,Height=4}
PlacedRectangles[380] = {X=1168,Y=952,Width=55,Height=1}
PlacedRectangles[381] = {X=507,Y=984,Width=47,Height=6}
PlacedRectangles[382] = {X=1152,Y=1048,Width=74,Height=4}
PlacedRectangles[383] = {X=918,Y=1054,Width=60,Height=5}
PlacedRectangles[384] = {X=563,Y=975,Width=16,Height=9}
PlacedRectangles[385] = {X=507,Y=990,Width=72,Height=9}
PlacedRectangles[386] = {X=507,Y=999,Width=71,Height=6}
PlacedRectangles[387] = {X=1226,Y=1048,Width=39,Height=3}
PlacedRectangles[388] = {X=1134,Y=957,Width=72,Height=2}
PlacedRectangles[389] = {X=978,Y=1054,Width=44,Height=5}
PlacedRectangles[390] = {X=1302,Y=1042,Width=16,Height=2}
PlacedRectangles[391] = {X=1022,Y=1054,Width=77,Height=4}
PlacedRectangles[392] = {X=507,Y=1005,Width=35,Height=6}
PlacedRectangles[393] = {X=507,Y=1011,Width=43,Height=7}
PlacedRectangles[394] = {X=507,Y=1018,Width=57,Height=9}
PlacedRectangles[395] = {X=564,Y=1018,Width=14,Height=8}
PlacedRectangles[396] = {X=507,Y=1027,Width=56,Height=7}
PlacedRectangles[397] = {X=507,Y=1034,Width=43,Height=9}
PlacedRectangles[398] = {X=617,Y=989,Width=13,Height=2}
PlacedRectangles[399] = {X=507,Y=1043,Width=49,Height=9}
PlacedRectangles[400] = {X=542,Y=964,Width=20,Height=3}
PlacedRectangles[401] = {X=507,Y=936,Width=60,Height=7}
PlacedRectangles[402] = {X=1223,Y=1023,Width=11,Height=4}
PlacedRectangles[403] = {X=1016,Y=964,Width=56,Height=3}
PlacedRectangles[404] = {X=1306,Y=1006,Width=20,Height=1}
PlacedRectangles[405] = {X=567,Y=936,Width=50,Height=5}
PlacedRectangles[406] = {X=1402,Y=936,Width=79,Height=7}
PlacedRectangles[407] = {X=614,Y=997,Width=28,Height=4}
PlacedRectangles[408] = {X=630,Y=989,Width=14,Height=2}
PlacedRectangles[409] = {X=554,Y=984,Width=24,Height=3}
PlacedRectangles[410] = {X=1402,Y=943,Width=75,Height=9}
PlacedRectangles[411] = {X=1206,Y=957,Width=64,Height=2}
PlacedRectangles[412] = {X=1027,Y=1045,Width=71,Height=1}
PlacedRectangles[413] = {X=1294,Y=947,Width=32,Height=2}
PlacedRectangles[414] = {X=563,Y=1027,Width=17,Height=5}
PlacedRectangles[415] = {X=550,Y=1011,Width=23,Height=7}
PlacedRectangles[416] = {X=617,Y=936,Width=54,Height=5}
PlacedRectangles[417] = {X=614,Y=1031,Width=30,Height=8}
PlacedRectangles[418] = {X=1072,Y=964,Width=45,Height=3}
PlacedRectangles[419] = {X=1402,Y=952,Width=33,Height=9}
PlacedRectangles[420] = {X=1117,Y=964,Width=76,Height=2}
PlacedRectangles[421] = {X=1402,Y=961,Width=52,Height=6}
PlacedRectangles[422] = {X=542,Y=1005,Width=32,Height=5}
PlacedRectangles[423] = {X=1402,Y=967,Width=66,Height=9}
PlacedRectangles[424] = {X=1226,Y=1051,Width=42,Height=1}
PlacedRectangles[425] = {X=1402,Y=976,Width=74,Height=8}
PlacedRectangles[426] = {X=1099,Y=1054,Width=73,Height=3}
PlacedRectangles[427] = {X=563,Y=1032,Width=10,Height=2}
PlacedRectangles[428] = {X=1435,Y=952,Width=46,Height=5}
PlacedRectangles[429] = {X=1402,Y=984,Width=69,Height=9}
PlacedRectangles[430] = {X=624,Y=991,Width=14,Height=5}
PlacedRectangles[431] = {X=556,Y=1043,Width=23,Height=7}
PlacedRectangles[432] = {X=1402,Y=993,Width=71,Height=8}
PlacedRectangles[433] = {X=671,Y=936,Width=71,Height=4}
PlacedRectangles[434] = {X=1402,Y=1001,Width=40,Height=5}
PlacedRectangles[435] = {X=1402,Y=1006,Width=75,Height=8}
PlacedRectangles[436] = {X=1172,Y=1054,Width=70,Height=3}
PlacedRectangles[437] = {X=1402,Y=1014,Width=34,Height=7}
PlacedRectangles[438] = {X=542,Y=957,Width=33,Height=2}
PlacedRectangles[439] = {X=1242,Y=1054,Width=71,Height=3}
PlacedRectangles[440] = {X=1435,Y=957,Width=30,Height=4}
PlacedRectangles[441] = {X=1098,Y=1045,Width=57,Height=1}
PlacedRectangles[442] = {X=742,Y=936,Width=46,Height=3}
PlacedRectangles[443] = {X=1402,Y=1021,Width=70,Height=4}
PlacedRectangles[444] = {X=1278,Y=1047,Width=47,Height=1}
PlacedRectangles[445] = {X=550,Y=1034,Width=29,Height=9}
PlacedRectangles[446] = {X=1442,Y=1001,Width=36,Height=4}
PlacedRectangles[447] = {X=1402,Y=1025,Width=74,Height=4}
PlacedRectangles[448] = {X=1402,Y=1029,Width=78,Height=9}
PlacedRectangles[449] = {X=1402,Y=1038,Width=60,Height=5}
PlacedRectangles[450] = {X=1402,Y=1043,Width=57,Height=4}
PlacedRectangles[451] = {X=1155,Y=1045,Width=44,Height=1}
PlacedRectangles[452] = {X=671,Y=1021,Width=17,Height=1}
PlacedRectangles[453] = {X=633,Y=950,Width=10,Height=7}
PlacedRectangles[454] = {X=1402,Y=1047,Width=74,Height=3}
PlacedRectangles[455] = {X=1402,Y=1050,Width=70,Height=4}
PlacedRectangles[456] = {X=1402,Y=1054,Width=54,Height=5}
PlacedRectangles[457] = {X=1428,Y=1060,Width=53,Height=7}
PlacedRectangles[458] = {X=567,Y=941,Width=68,Height=2}
PlacedRectangles[459] = {X=1456,Y=1054,Width=22,Height=5}
PlacedRectangles[460] = {X=507,Y=1060,Width=75,Height=5}
PlacedRectangles[461] = {X=582,Y=1060,Width=73,Height=4}
PlacedRectangles[462] = {X=485,Y=1058,Width=22,Height=9}
PlacedRectangles[463] = {X=1436,Y=1014,Width=41,Height=5}
PlacedRectangles[464] = {X=485,Y=927,Width=31,Height=9}
PlacedRectangles[465] = {X=655,Y=1060,Width=64,Height=4}
PlacedRectangles[466] = {X=719,Y=1060,Width=41,Height=4}
PlacedRectangles[467] = {X=516,Y=927,Width=55,Height=9}
PlacedRectangles[468] = {X=571,Y=927,Width=73,Height=7}
PlacedRectangles[469] = {X=644,Y=927,Width=77,Height=5}
PlacedRectangles[470] = {X=1193,Y=964,Width=32,Height=2}
PlacedRectangles[471] = {X=788,Y=936,Width=41,Height=3}
PlacedRectangles[472] = {X=1481,Y=927,Width=26,Height=9}
PlacedRectangles[473] = {X=1472,Y=1067,Width=35,Height=8}
PlacedRectangles[474] = {X=829,Y=936,Width=65,Height=3}
PlacedRectangles[475] = {X=485,Y=1067,Width=52,Height=8}
PlacedRectangles[476] = {X=894,Y=936,Width=60,Height=2}
PlacedRectangles[477] = {X=954,Y=936,Width=50,Height=2}
PlacedRectangles[478] = {X=1436,Y=1019,Width=41,Height=2}
PlacedRectangles[479] = {X=1004,Y=936,Width=67,Height=2}
PlacedRectangles[480] = {X=721,Y=927,Width=53,Height=5}
PlacedRectangles[481] = {X=542,Y=1010,Width=37,Height=1}
PlacedRectangles[482] = {X=760,Y=1060,Width=43,Height=4}
PlacedRectangles[483] = {X=803,Y=1060,Width=71,Height=3}
PlacedRectangles[484] = {X=537,Y=1067,Width=70,Height=7}
PlacedRectangles[485] = {X=1071,Y=936,Width=63,Height=2}
PlacedRectangles[486] = {X=485,Y=936,Width=21,Height=7}
PlacedRectangles[487] = {X=1481,Y=936,Width=25,Height=7}
PlacedRectangles[488] = {X=1454,Y=961,Width=14,Height=6}
PlacedRectangles[489] = {X=562,Y=964,Width=17,Height=3}
PlacedRectangles[490] = {X=607,Y=1067,Width=50,Height=6}
PlacedRectangles[491] = {X=1402,Y=1059,Width=56,Height=1}
PlacedRectangles[492] = {X=454,Y=1066,Width=31,Height=9}
PlacedRectangles[493] = {X=874,Y=1060,Width=59,Height=3}
PlacedRectangles[494] = {X=774,Y=927,Width=64,Height=5}
PlacedRectangles[495] = {X=454,Y=920,Width=43,Height=7}
PlacedRectangles[496] = {X=1507,Y=920,Width=70,Height=8}
PlacedRectangles[497] = {X=497,Y=920,Width=67,Height=7}
PlacedRectangles[498] = {X=838,Y=927,Width=64,Height=5}
PlacedRectangles[499] = {X=1507,Y=928,Width=66,Height=8}
